EN ckt NULL "//mac/dropbox/documents/UFRGS/materias/atual/sistemas digitais/git/inf-sistemas-digitais/trabalho3/ckt.vhd" sub00/vhpl00 1501352845
EN mem NULL "//mac/dropbox/documents/UFRGS/materias/atual/sistemas digitais/git/inf-sistemas-digitais/trabalho3/trabfinal/ipcore_dir/mem.vhd" sub00/vhpl02 1501352843
AR ckt behaviour "//mac/dropbox/documents/UFRGS/materias/atual/sistemas digitais/git/inf-sistemas-digitais/trabalho3/ckt.vhd" sub00/vhpl01 1501352846
AR mem mem_a "//mac/dropbox/documents/UFRGS/materias/atual/sistemas digitais/git/inf-sistemas-digitais/trabalho3/trabfinal/ipcore_dir/mem.vhd" sub00/vhpl03 1501352844
